// Jest Snapshot v1, https://goo.gl/fbAQLP

exports[`Form matches snapshot 1`] = `
Object {
  "asFragment": [Function],
  "baseElement": <body>
    <div>
      <div
        class="col-md-7 col-lg-8"
      >
        <h4
          class="mb-3"
        >
          Checkout
        </h4>
        <form
          autocomplete="off"
        >
          <div
            class="row g-3"
          >
            <div
              class="col-sm-6"
            >
              <label
                class="form-label"
                for="name"
              >
                Name: 
              </label>
            </div>
            <div>
              <select
                id="addressDropdown"
                name="addressDropdown"
              >
                <option
                  value=""
                >
                  -- Select an address --
                </option>
              </select>
            </div>
          </div>
          <br />
          <button
            class="w-100 btn btn-primary"
            type="submit"
          >
            Place order
          </button>
        </form>
      </div>
    </div>
  </body>,
  "container": <div>
    <div
      class="col-md-7 col-lg-8"
    >
      <h4
        class="mb-3"
      >
        Checkout
      </h4>
      <form
        autocomplete="off"
      >
        <div
          class="row g-3"
        >
          <div
            class="col-sm-6"
          >
            <label
              class="form-label"
              for="name"
            >
              Name: 
            </label>
          </div>
          <div>
            <select
              id="addressDropdown"
              name="addressDropdown"
            >
              <option
                value=""
              >
                -- Select an address --
              </option>
            </select>
          </div>
        </div>
        <br />
        <button
          class="w-100 btn btn-primary"
          type="submit"
        >
          Place order
        </button>
      </form>
    </div>
  </div>,
  "debug": [Function],
  "findAllByAltText": [Function],
  "findAllByDisplayValue": [Function],
  "findAllByLabelText": [Function],
  "findAllByPlaceholderText": [Function],
  "findAllByRole": [Function],
  "findAllByTestId": [Function],
  "findAllByText": [Function],
  "findAllByTitle": [Function],
  "findByAltText": [Function],
  "findByDisplayValue": [Function],
  "findByLabelText": [Function],
  "findByPlaceholderText": [Function],
  "findByRole": [Function],
  "findByTestId": [Function],
  "findByText": [Function],
  "findByTitle": [Function],
  "getAllByAltText": [Function],
  "getAllByDisplayValue": [Function],
  "getAllByLabelText": [Function],
  "getAllByPlaceholderText": [Function],
  "getAllByRole": [Function],
  "getAllByTestId": [Function],
  "getAllByText": [Function],
  "getAllByTitle": [Function],
  "getByAltText": [Function],
  "getByDisplayValue": [Function],
  "getByLabelText": [Function],
  "getByPlaceholderText": [Function],
  "getByRole": [Function],
  "getByTestId": [Function],
  "getByText": [Function],
  "getByTitle": [Function],
  "queryAllByAltText": [Function],
  "queryAllByDisplayValue": [Function],
  "queryAllByLabelText": [Function],
  "queryAllByPlaceholderText": [Function],
  "queryAllByRole": [Function],
  "queryAllByTestId": [Function],
  "queryAllByText": [Function],
  "queryAllByTitle": [Function],
  "queryByAltText": [Function],
  "queryByDisplayValue": [Function],
  "queryByLabelText": [Function],
  "queryByPlaceholderText": [Function],
  "queryByRole": [Function],
  "queryByTestId": [Function],
  "queryByText": [Function],
  "queryByTitle": [Function],
  "rerender": [Function],
  "unmount": [Function],
}
`;
